Archive member included because of file (symbol)

/Applications/Simplicity Studio.app/Contents/Eclipse/developer/toolchains/gnu_arm/4.9_2015q3/bin/../lib/gcc/arm-none-eabi/4.9.3/armv7e-m/softfp/libgcc.a(_aeabi_uldivmod.o)
                              ./emlib/em_usart.o (__aeabi_uldivmod)
/Applications/Simplicity Studio.app/Contents/Eclipse/developer/toolchains/gnu_arm/4.9_2015q3/bin/../lib/gcc/arm-none-eabi/4.9.3/armv7e-m/softfp/libgcc.a(bpabi.o)
                              /Applications/Simplicity Studio.app/Contents/Eclipse/developer/toolchains/gnu_arm/4.9_2015q3/bin/../lib/gcc/arm-none-eabi/4.9.3/armv7e-m/softfp/libgcc.a(_aeabi_uldivmod.o) (__gnu_uldivmod_helper)
/Applications/Simplicity Studio.app/Contents/Eclipse/developer/toolchains/gnu_arm/4.9_2015q3/bin/../lib/gcc/arm-none-eabi/4.9.3/armv7e-m/softfp/libgcc.a(_dvmd_tls.o)
                              /Applications/Simplicity Studio.app/Contents/Eclipse/developer/toolchains/gnu_arm/4.9_2015q3/bin/../lib/gcc/arm-none-eabi/4.9.3/armv7e-m/softfp/libgcc.a(_aeabi_uldivmod.o) (__aeabi_ldiv0)
/Applications/Simplicity Studio.app/Contents/Eclipse/developer/toolchains/gnu_arm/4.9_2015q3/bin/../lib/gcc/arm-none-eabi/4.9.3/armv7e-m/softfp/libgcc.a(_divdi3.o)
                              /Applications/Simplicity Studio.app/Contents/Eclipse/developer/toolchains/gnu_arm/4.9_2015q3/bin/../lib/gcc/arm-none-eabi/4.9.3/armv7e-m/softfp/libgcc.a(bpabi.o) (__divdi3)
/Applications/Simplicity Studio.app/Contents/Eclipse/developer/toolchains/gnu_arm/4.9_2015q3/bin/../lib/gcc/arm-none-eabi/4.9.3/armv7e-m/softfp/libgcc.a(_udivdi3.o)
                              /Applications/Simplicity Studio.app/Contents/Eclipse/developer/toolchains/gnu_arm/4.9_2015q3/bin/../lib/gcc/arm-none-eabi/4.9.3/armv7e-m/softfp/libgcc.a(bpabi.o) (__udivdi3)
/Applications/Simplicity Studio.app/Contents/Eclipse/developer/toolchains/gnu_arm/4.9_2015q3/bin/../lib/gcc/arm-none-eabi/4.9.3/../../../../arm-none-eabi/lib/armv7e-m/softfp/libc_nano.a(lib_a-exit.o)
                              /Applications/Simplicity Studio.app/Contents/Eclipse/developer/toolchains/gnu_arm/4.9_2015q3/bin/../lib/gcc/arm-none-eabi/4.9.3/../../../../arm-none-eabi/lib/armv7e-m/softfp/crt0.o (exit)
/Applications/Simplicity Studio.app/Contents/Eclipse/developer/toolchains/gnu_arm/4.9_2015q3/bin/../lib/gcc/arm-none-eabi/4.9.3/../../../../arm-none-eabi/lib/armv7e-m/softfp/libc_nano.a(lib_a-impure.o)
                              /Applications/Simplicity Studio.app/Contents/Eclipse/developer/toolchains/gnu_arm/4.9_2015q3/bin/../lib/gcc/arm-none-eabi/4.9.3/../../../../arm-none-eabi/lib/armv7e-m/softfp/libc_nano.a(lib_a-exit.o) (_global_impure_ptr)
/Applications/Simplicity Studio.app/Contents/Eclipse/developer/toolchains/gnu_arm/4.9_2015q3/bin/../lib/gcc/arm-none-eabi/4.9.3/../../../../arm-none-eabi/lib/armv7e-m/softfp/libc_nano.a(lib_a-init.o)
                              /Applications/Simplicity Studio.app/Contents/Eclipse/developer/toolchains/gnu_arm/4.9_2015q3/bin/../lib/gcc/arm-none-eabi/4.9.3/../../../../arm-none-eabi/lib/armv7e-m/softfp/crt0.o (__libc_init_array)
/Applications/Simplicity Studio.app/Contents/Eclipse/developer/toolchains/gnu_arm/4.9_2015q3/bin/../lib/gcc/arm-none-eabi/4.9.3/../../../../arm-none-eabi/lib/armv7e-m/softfp/libc_nano.a(lib_a-memset.o)
                              /Applications/Simplicity Studio.app/Contents/Eclipse/developer/toolchains/gnu_arm/4.9_2015q3/bin/../lib/gcc/arm-none-eabi/4.9.3/../../../../arm-none-eabi/lib/armv7e-m/softfp/crt0.o (memset)
/Applications/Simplicity Studio.app/Contents/Eclipse/developer/toolchains/gnu_arm/4.9_2015q3/bin/../lib/gcc/arm-none-eabi/4.9.3/../../../../arm-none-eabi/lib/armv7e-m/softfp/libnosys.a(_exit.o)
                              /Applications/Simplicity Studio.app/Contents/Eclipse/developer/toolchains/gnu_arm/4.9_2015q3/bin/../lib/gcc/arm-none-eabi/4.9.3/../../../../arm-none-eabi/lib/armv7e-m/softfp/libc_nano.a(lib_a-exit.o) (_exit)

Allocating common symbols
Common symbol       size              file

SystemCoreClock     0x4               ./CMSIS/EFM32WG/system_efm32wg.o
numChannel          0x4               ./src/epsilometer_analog.o
bufferSize          0x4               ./src/epsilometer_analog.o
dataBuffer          0x4               ./src/epsilometer_analog.o
channelSample       0x4               ./src/epsilometer_analog.o
byteSample          0x4               ./src/epsilometer_analog.o
dataPtr             0x4               ./src/epsilometer_analog.o

Discarded input sections

 .text          0x0000000000000000        0x0 /Applications/Simplicity Studio.app/Contents/Eclipse/developer/toolchains/gnu_arm/4.9_2015q3/bin/../lib/gcc/arm-none-eabi/4.9.3/armv7e-m/softfp/crti.o
 .data          0x0000000000000000        0x0 /Applications/Simplicity Studio.app/Contents/Eclipse/developer/toolchains/gnu_arm/4.9_2015q3/bin/../lib/gcc/arm-none-eabi/4.9.3/armv7e-m/softfp/crti.o
 .bss           0x0000000000000000        0x0 /Applications/Simplicity Studio.app/Contents/Eclipse/developer/toolchains/gnu_arm/4.9_2015q3/bin/../lib/gcc/arm-none-eabi/4.9.3/armv7e-m/softfp/crti.o
 .data          0x0000000000000000        0x4 /Applications/Simplicity Studio.app/Contents/Eclipse/developer/toolchains/gnu_arm/4.9_2015q3/bin/../lib/gcc/arm-none-eabi/4.9.3/armv7e-m/softfp/crtbegin.o
 .data          0x0000000000000000        0x0 /Applications/Simplicity Studio.app/Contents/Eclipse/developer/toolchains/gnu_arm/4.9_2015q3/bin/../lib/gcc/arm-none-eabi/4.9.3/../../../../arm-none-eabi/lib/armv7e-m/softfp/crt0.o
 .bss           0x0000000000000000        0x0 /Applications/Simplicity Studio.app/Contents/Eclipse/developer/toolchains/gnu_arm/4.9_2015q3/bin/../lib/gcc/arm-none-eabi/4.9.3/../../../../arm-none-eabi/lib/armv7e-m/softfp/crt0.o
 .ARM.extab     0x0000000000000000        0x0 /Applications/Simplicity Studio.app/Contents/Eclipse/developer/toolchains/gnu_arm/4.9_2015q3/bin/../lib/gcc/arm-none-eabi/4.9.3/../../../../arm-none-eabi/lib/armv7e-m/softfp/crt0.o
 .data          0x0000000000000000        0x0 ./CMSIS/EFM32WG/startup_efm32wg.o
 .bss           0x0000000000000000        0x0 ./CMSIS/EFM32WG/startup_efm32wg.o
 .text          0x0000000000000000        0x0 ./CMSIS/EFM32WG/system_efm32wg.o
 .data          0x0000000000000000        0x0 ./CMSIS/EFM32WG/system_efm32wg.o
 .bss           0x0000000000000000        0x0 ./CMSIS/EFM32WG/system_efm32wg.o
 .text.SystemHFXOClockSet
                0x0000000000000000       0x2c ./CMSIS/EFM32WG/system_efm32wg.o
 .text.SystemLFXOClockSet
                0x0000000000000000       0x2c ./CMSIS/EFM32WG/system_efm32wg.o
 .text          0x0000000000000000        0x0 ./emlib/em_cmu.o
 .data          0x0000000000000000        0x0 ./emlib/em_cmu.o
 .bss           0x0000000000000000        0x0 ./emlib/em_cmu.o
 .text.BUS_RegMaskedWrite
                0x0000000000000000       0x28 ./emlib/em_cmu.o
 .text.CMU_Log2ToDiv
                0x0000000000000000       0x1c ./emlib/em_cmu.o
 .text.CMU_AUXHFRCOBandGet
                0x0000000000000000       0x20 ./emlib/em_cmu.o
 .text.CMU_AUXHFRCOBandSet
                0x0000000000000000       0xb0 ./emlib/em_cmu.o
 .text.CMU_Calibrate
                0x0000000000000000       0x88 ./emlib/em_cmu.o
 .text.CMU_CalibrateConfig
                0x0000000000000000       0xd8 ./emlib/em_cmu.o
 .text.CMU_CalibrateCountGet
                0x0000000000000000       0x38 ./emlib/em_cmu.o
 .text.CMU_ClockDivGet
                0x0000000000000000      0x174 ./emlib/em_cmu.o
 .text.CMU_ClockDivSet
                0x0000000000000000      0x22c ./emlib/em_cmu.o
 .text.CMU_FreezeEnable
                0x0000000000000000       0x38 ./emlib/em_cmu.o
 .text.CMU_HFRCOBandGet
                0x0000000000000000       0x20 ./emlib/em_cmu.o
 .text.CMU_HFRCOBandSet
                0x0000000000000000       0xe4 ./emlib/em_cmu.o
 .text.CMU_HFRCOStartupDelayGet
                0x0000000000000000       0x1c ./emlib/em_cmu.o
 .text.CMU_HFRCOStartupDelaySet
                0x0000000000000000       0x30 ./emlib/em_cmu.o
 .text.CMU_HFXOInit
                0x0000000000000000       0x54 ./emlib/em_cmu.o
 .text.CMU_LCDClkFDIVGet
                0x0000000000000000       0x1c ./emlib/em_cmu.o
 .text.CMU_LCDClkFDIVSet
                0x0000000000000000       0x3c ./emlib/em_cmu.o
 .text.CMU_LFXOInit
                0x0000000000000000       0x58 ./emlib/em_cmu.o
 .text.CMU_OscillatorTuningGet
                0x0000000000000000       0x50 ./emlib/em_cmu.o
 .text.CMU_OscillatorTuningSet
                0x0000000000000000       0x74 ./emlib/em_cmu.o
 .text.CMU_PCNTClockExternalGet
                0x0000000000000000       0x60 ./emlib/em_cmu.o
 .text.CMU_PCNTClockExternalSet
                0x0000000000000000       0x34 ./emlib/em_cmu.o
 .text          0x0000000000000000        0x0 ./emlib/em_emu.o
 .data          0x0000000000000000        0x0 ./emlib/em_emu.o
 .bss           0x0000000000000000        0x0 ./emlib/em_emu.o
 .text.SystemCoreClockUpdate
                0x0000000000000000        0xc ./emlib/em_emu.o
 .text.BUS_RegBitWrite
                0x0000000000000000       0x2c ./emlib/em_emu.o
 .text.EMU_BUPinEnable
                0x0000000000000000       0x20 ./emlib/em_emu.o
 .text.EMU_Unlock
                0x0000000000000000       0x18 ./emlib/em_emu.o
 .text.CMU_Lock
                0x0000000000000000       0x18 ./emlib/em_emu.o
 .text.CMU_Unlock
                0x0000000000000000       0x1c ./emlib/em_emu.o
 .text.emuRestore
                0x0000000000000000       0xf0 ./emlib/em_emu.o
 .text.getErrataFixEmuE107En
                0x0000000000000000       0x58 ./emlib/em_emu.o
 .text.EMU_EnterEM2
                0x0000000000000000       0x9c ./emlib/em_emu.o
 .text.EMU_EnterEM3
                0x0000000000000000       0xbc ./emlib/em_emu.o
 .text.EMU_EnterEM4
                0x0000000000000000       0x50 ./emlib/em_emu.o
 .text.EMU_MemPwrDown
                0x0000000000000000       0x14 ./emlib/em_emu.o
 .text.EMU_EM23Init
                0x0000000000000000       0x34 ./emlib/em_emu.o
 .text.EMU_EM4Init
                0x0000000000000000       0x50 ./emlib/em_emu.o
 .text.EMU_BUPDInit
                0x0000000000000000       0xd4 ./emlib/em_emu.o
 .text.EMU_BUThresholdSet
                0x0000000000000000       0x4c ./emlib/em_emu.o
 .text.EMU_BUThresRangeSet
                0x0000000000000000       0x50 ./emlib/em_emu.o
 .text          0x0000000000000000        0x0 ./emlib/em_gpio.o
 .data          0x0000000000000000        0x0 ./emlib/em_gpio.o
 .bss           0x0000000000000000        0x0 ./emlib/em_gpio.o
 .text.GPIO_EM4SetPinRetention
                0x0000000000000000       0x40 ./emlib/em_gpio.o
 .text.GPIO_DbgLocationSet
                0x0000000000000000       0x2c ./emlib/em_gpio.o
 .text.GPIO_DriveModeSet
                0x0000000000000000       0x70 ./emlib/em_gpio.o
 .text.GPIO_PinModeGet
                0x0000000000000000       0x8c ./emlib/em_gpio.o
 .text.GPIO_EM4EnablePinWakeup
                0x0000000000000000       0x58 ./emlib/em_gpio.o
 .text          0x0000000000000000        0x0 ./emlib/em_system.o
 .data          0x0000000000000000        0x0 ./emlib/em_system.o
 .bss           0x0000000000000000        0x0 ./emlib/em_system.o
 .text.SYSTEM_ChipRevisionGet
                0x0000000000000000       0x74 ./emlib/em_system.o
 .text.SYSTEM_GetCalibrationValue
                0x0000000000000000       0x5c ./emlib/em_system.o
 .debug_info    0x0000000000000000      0x269 ./emlib/em_system.o
 .debug_abbrev  0x0000000000000000       0xde ./emlib/em_system.o
 .debug_loc     0x0000000000000000       0xb8 ./emlib/em_system.o
 .debug_aranges
                0x0000000000000000       0x28 ./emlib/em_system.o
 .debug_ranges  0x0000000000000000       0x18 ./emlib/em_system.o
 .debug_line    0x0000000000000000      0x367 ./emlib/em_system.o
 .debug_str     0x0000000000000000      0x315 ./emlib/em_system.o
 .comment       0x0000000000000000       0x71 ./emlib/em_system.o
 .debug_frame   0x0000000000000000       0x60 ./emlib/em_system.o
 .ARM.attributes
                0x0000000000000000       0x37 ./emlib/em_system.o
 .text          0x0000000000000000        0x0 ./emlib/em_timer.o
 .data          0x0000000000000000        0x0 ./emlib/em_timer.o
 .bss           0x0000000000000000        0x0 ./emlib/em_timer.o
 .text.TIMER_EnableDTI
                0x0000000000000000       0x38 ./emlib/em_timer.o
 .text.TIMER_GetDTIFault
                0x0000000000000000       0x1c ./emlib/em_timer.o
 .text.TIMER_ClearDTIFault
                0x0000000000000000       0x1c ./emlib/em_timer.o
 .text.TIMER_Init
                0x0000000000000000      0x10c ./emlib/em_timer.o
 .text.TIMER_InitCC
                0x0000000000000000       0xcc ./emlib/em_timer.o
 .text.TIMER_InitDTI
                0x0000000000000000      0x104 ./emlib/em_timer.o
 .text.TIMER_Reset
                0x0000000000000000       0xd8 ./emlib/em_timer.o
 .debug_info    0x0000000000000000      0x8df ./emlib/em_timer.o
 .debug_abbrev  0x0000000000000000      0x199 ./emlib/em_timer.o
 .debug_loc     0x0000000000000000      0x278 ./emlib/em_timer.o
 .debug_aranges
                0x0000000000000000       0x50 ./emlib/em_timer.o
 .debug_ranges  0x0000000000000000       0x40 ./emlib/em_timer.o
 .debug_line    0x0000000000000000      0x62a ./emlib/em_timer.o
 .debug_str     0x0000000000000000      0x9b9 ./emlib/em_timer.o
 .comment       0x0000000000000000       0x71 ./emlib/em_timer.o
 .debug_frame   0x0000000000000000      0x124 ./emlib/em_timer.o
 .ARM.attributes
                0x0000000000000000       0x37 ./emlib/em_timer.o
 .text          0x0000000000000000        0x0 ./emlib/em_usart.o
 .data          0x0000000000000000        0x0 ./emlib/em_usart.o
 .bss           0x0000000000000000        0x0 ./emlib/em_usart.o
 .text.USART_BaudrateCalc
                0x0000000000000000      0x124 ./emlib/em_usart.o
 .text.USART_BaudrateGet
                0x0000000000000000       0x50 ./emlib/em_usart.o
 .text.USARTn_InitIrDA
                0x0000000000000000       0x70 ./emlib/em_usart.o
 .text.USART_InitI2s
                0x0000000000000000       0x94 ./emlib/em_usart.o
 .text.USART_InitPrsTrigger
                0x0000000000000000       0x60 ./emlib/em_usart.o
 .text.USART_Rx
                0x0000000000000000       0x28 ./emlib/em_usart.o
 .text.USART_RxDouble
                0x0000000000000000       0x28 ./emlib/em_usart.o
 .text.USART_RxDoubleExt
                0x0000000000000000       0x28 ./emlib/em_usart.o
 .text.USART_RxExt
                0x0000000000000000       0x28 ./emlib/em_usart.o
 .text.USART_TxDouble
                0x0000000000000000       0x2c ./emlib/em_usart.o
 .text.USART_TxDoubleExt
                0x0000000000000000       0x28 ./emlib/em_usart.o
 .text.USART_TxExt
                0x0000000000000000       0x2c ./emlib/em_usart.o
 .text          0x0000000000000000        0x0 ./src/epsilometer_analog.o
 .data          0x0000000000000000        0x0 ./src/epsilometer_analog.o
 .bss           0x0000000000000000        0x0 ./src/epsilometer_analog.o
 .text.SPI_deInit
                0x0000000000000000        0xc ./src/epsilometer_analog.o
 COMMON         0x0000000000000000       0x18 ./src/epsilometer_analog.o
 .text          0x0000000000000000        0x0 ./src/epsilometer_coms.o
 .data          0x0000000000000000        0x0 ./src/epsilometer_coms.o
 .bss           0x0000000000000000        0x0 ./src/epsilometer_coms.o
 .text.sendSamples
                0x0000000000000000       0x3c ./src/epsilometer_coms.o
 .text          0x0000000000000000        0x0 ./src/epsilometer_main.o
 .data          0x0000000000000000        0x0 ./src/epsilometer_main.o
 .bss           0x0000000000000000        0x0 ./src/epsilometer_main.o
 .bss.samplesSent
                0x0000000000000000        0x4 ./src/epsilometer_main.o
 .bss.numSync   0x0000000000000000        0x4 ./src/epsilometer_main.o
 .bss.flagSync  0x0000000000000000        0x4 ./src/epsilometer_main.o
 .text          0x0000000000000000       0x30 /Applications/Simplicity Studio.app/Contents/Eclipse/developer/toolchains/gnu_arm/4.9_2015q3/bin/../lib/gcc/arm-none-eabi/4.9.3/armv7e-m/softfp/libgcc.a(_aeabi_uldivmod.o)
 .data          0x0000000000000000        0x0 /Applications/Simplicity Studio.app/Contents/Eclipse/developer/toolchains/gnu_arm/4.9_2015q3/bin/../lib/gcc/arm-none-eabi/4.9.3/armv7e-m/softfp/libgcc.a(_aeabi_uldivmod.o)
 .bss           0x0000000000000000        0x0 /Applications/Simplicity Studio.app/Contents/Eclipse/developer/toolchains/gnu_arm/4.9_2015q3/bin/../lib/gcc/arm-none-eabi/4.9.3/armv7e-m/softfp/libgcc.a(_aeabi_uldivmod.o)
 .debug_frame   0x0000000000000000       0x28 /Applications/Simplicity Studio.app/Contents/Eclipse/developer/toolchains/gnu_arm/4.9_2015q3/bin/../lib/gcc/arm-none-eabi/4.9.3/armv7e-m/softfp/libgcc.a(_aeabi_uldivmod.o)
 .ARM.attributes
                0x0000000000000000       0x22 /Applications/Simplicity Studio.app/Contents/Eclipse/developer/toolchains/gnu_arm/4.9_2015q3/bin/../lib/gcc/arm-none-eabi/4.9.3/armv7e-m/softfp/libgcc.a(_aeabi_uldivmod.o)
 .text          0x0000000000000000       0x60 /Applications/Simplicity Studio.app/Contents/Eclipse/developer/toolchains/gnu_arm/4.9_2015q3/bin/../lib/gcc/arm-none-eabi/4.9.3/armv7e-m/softfp/libgcc.a(bpabi.o)
 .data          0x0000000000000000        0x0 /Applications/Simplicity Studio.app/Contents/Eclipse/developer/toolchains/gnu_arm/4.9_2015q3/bin/../lib/gcc/arm-none-eabi/4.9.3/armv7e-m/softfp/libgcc.a(bpabi.o)
 .bss           0x0000000000000000        0x0 /Applications/Simplicity Studio.app/Contents/Eclipse/developer/toolchains/gnu_arm/4.9_2015q3/bin/../lib/gcc/arm-none-eabi/4.9.3/armv7e-m/softfp/libgcc.a(bpabi.o)
 .debug_frame   0x0000000000000000       0x50 /Applications/Simplicity Studio.app/Contents/Eclipse/developer/toolchains/gnu_arm/4.9_2015q3/bin/../lib/gcc/arm-none-eabi/4.9.3/armv7e-m/softfp/libgcc.a(bpabi.o)
 .ARM.attributes
                0x0000000000000000       0x32 /Applications/Simplicity Studio.app/Contents/Eclipse/developer/toolchains/gnu_arm/4.9_2015q3/bin/../lib/gcc/arm-none-eabi/4.9.3/armv7e-m/softfp/libgcc.a(bpabi.o)
 .text          0x0000000000000000        0x4 /Applications/Simplicity Studio.app/Contents/Eclipse/developer/toolchains/gnu_arm/4.9_2015q3/bin/../lib/gcc/arm-none-eabi/4.9.3/armv7e-m/softfp/libgcc.a(_dvmd_tls.o)
 .data          0x0000000000000000        0x0 /Applications/Simplicity Studio.app/Contents/Eclipse/developer/toolchains/gnu_arm/4.9_2015q3/bin/../lib/gcc/arm-none-eabi/4.9.3/armv7e-m/softfp/libgcc.a(_dvmd_tls.o)
 .bss           0x0000000000000000        0x0 /Applications/Simplicity Studio.app/Contents/Eclipse/developer/toolchains/gnu_arm/4.9_2015q3/bin/../lib/gcc/arm-none-eabi/4.9.3/armv7e-m/softfp/libgcc.a(_dvmd_tls.o)
 .ARM.attributes
                0x0000000000000000       0x22 /Applications/Simplicity Studio.app/Contents/Eclipse/developer/toolchains/gnu_arm/4.9_2015q3/bin/../lib/gcc/arm-none-eabi/4.9.3/armv7e-m/softfp/libgcc.a(_dvmd_tls.o)
 .text          0x0000000000000000      0x29c /Applications/Simplicity Studio.app/Contents/Eclipse/developer/toolchains/gnu_arm/4.9_2015q3/bin/../lib/gcc/arm-none-eabi/4.9.3/armv7e-m/softfp/libgcc.a(_divdi3.o)
 .data          0x0000000000000000        0x0 /Applications/Simplicity Studio.app/Contents/Eclipse/developer/toolchains/gnu_arm/4.9_2015q3/bin/../lib/gcc/arm-none-eabi/4.9.3/armv7e-m/softfp/libgcc.a(_divdi3.o)
 .bss           0x0000000000000000        0x0 /Applications/Simplicity Studio.app/Contents/Eclipse/developer/toolchains/gnu_arm/4.9_2015q3/bin/../lib/gcc/arm-none-eabi/4.9.3/armv7e-m/softfp/libgcc.a(_divdi3.o)
 .ARM.extab     0x0000000000000000        0x0 /Applications/Simplicity Studio.app/Contents/Eclipse/developer/toolchains/gnu_arm/4.9_2015q3/bin/../lib/gcc/arm-none-eabi/4.9.3/armv7e-m/softfp/libgcc.a(_divdi3.o)
 .ARM.exidx     0x0000000000000000        0x8 /Applications/Simplicity Studio.app/Contents/Eclipse/developer/toolchains/gnu_arm/4.9_2015q3/bin/../lib/gcc/arm-none-eabi/4.9.3/armv7e-m/softfp/libgcc.a(_divdi3.o)
 .debug_frame   0x0000000000000000       0x34 /Applications/Simplicity Studio.app/Contents/Eclipse/developer/toolchains/gnu_arm/4.9_2015q3/bin/../lib/gcc/arm-none-eabi/4.9.3/armv7e-m/softfp/libgcc.a(_divdi3.o)
 .ARM.attributes
                0x0000000000000000       0x32 /Applications/Simplicity Studio.app/Contents/Eclipse/developer/toolchains/gnu_arm/4.9_2015q3/bin/../lib/gcc/arm-none-eabi/4.9.3/armv7e-m/softfp/libgcc.a(_divdi3.o)
 .text          0x0000000000000000      0x26c /Applications/Simplicity Studio.app/Contents/Eclipse/developer/toolchains/gnu_arm/4.9_2015q3/bin/../lib/gcc/arm-none-eabi/4.9.3/armv7e-m/softfp/libgcc.a(_udivdi3.o)
 .data          0x0000000000000000        0x0 /Applications/Simplicity Studio.app/Contents/Eclipse/developer/toolchains/gnu_arm/4.9_2015q3/bin/../lib/gcc/arm-none-eabi/4.9.3/armv7e-m/softfp/libgcc.a(_udivdi3.o)
 .bss           0x0000000000000000        0x0 /Applications/Simplicity Studio.app/Contents/Eclipse/developer/toolchains/gnu_arm/4.9_2015q3/bin/../lib/gcc/arm-none-eabi/4.9.3/armv7e-m/softfp/libgcc.a(_udivdi3.o)
 .ARM.extab     0x0000000000000000        0x0 /Applications/Simplicity Studio.app/Contents/Eclipse/developer/toolchains/gnu_arm/4.9_2015q3/bin/../lib/gcc/arm-none-eabi/4.9.3/armv7e-m/softfp/libgcc.a(_udivdi3.o)
 .ARM.exidx     0x0000000000000000        0x8 /Applications/Simplicity Studio.app/Contents/Eclipse/developer/toolchains/gnu_arm/4.9_2015q3/bin/../lib/gcc/arm-none-eabi/4.9.3/armv7e-m/softfp/libgcc.a(_udivdi3.o)
 .debug_frame   0x0000000000000000       0x30 /Applications/Simplicity Studio.app/Contents/Eclipse/developer/toolchains/gnu_arm/4.9_2015q3/bin/../lib/gcc/arm-none-eabi/4.9.3/armv7e-m/softfp/libgcc.a(_udivdi3.o)
 .ARM.attributes
                0x0000000000000000       0x32 /Applications/Simplicity Studio.app/Contents/Eclipse/developer/toolchains/gnu_arm/4.9_2015q3/bin/../lib/gcc/arm-none-eabi/4.9.3/armv7e-m/softfp/libgcc.a(_udivdi3.o)
 .text          0x0000000000000000        0x0 /Applications/Simplicity Studio.app/Contents/Eclipse/developer/toolchains/gnu_arm/4.9_2015q3/bin/../lib/gcc/arm-none-eabi/4.9.3/../../../../arm-none-eabi/lib/armv7e-m/softfp/libc_nano.a(lib_a-exit.o)
 .data          0x0000000000000000        0x0 /Applications/Simplicity Studio.app/Contents/Eclipse/developer/toolchains/gnu_arm/4.9_2015q3/bin/../lib/gcc/arm-none-eabi/4.9.3/../../../../arm-none-eabi/lib/armv7e-m/softfp/libc_nano.a(lib_a-exit.o)
 .bss           0x0000000000000000        0x0 /Applications/Simplicity Studio.app/Contents/Eclipse/developer/toolchains/gnu_arm/4.9_2015q3/bin/../lib/gcc/arm-none-eabi/4.9.3/../../../../arm-none-eabi/lib/armv7e-m/softfp/libc_nano.a(lib_a-exit.o)
 .text          0x0000000000000000        0x0 /Applications/Simplicity Studio.app/Contents/Eclipse/developer/toolchains/gnu_arm/4.9_2015q3/bin/../lib/gcc/arm-none-eabi/4.9.3/../../../../arm-none-eabi/lib/armv7e-m/softfp/libc_nano.a(lib_a-impure.o)
 .data          0x0000000000000000        0x0 /Applications/Simplicity Studio.app/Contents/Eclipse/developer/toolchains/gnu_arm/4.9_2015q3/bin/../lib/gcc/arm-none-eabi/4.9.3/../../../../arm-none-eabi/lib/armv7e-m/softfp/libc_nano.a(lib_a-impure.o)
 .bss           0x0000000000000000        0x0 /Applications/Simplicity Studio.app/Contents/Eclipse/developer/toolchains/gnu_arm/4.9_2015q3/bin/../lib/gcc/arm-none-eabi/4.9.3/../../../../arm-none-eabi/lib/armv7e-m/softfp/libc_nano.a(lib_a-impure.o)
 .data._impure_ptr
                0x0000000000000000        0x4 /Applications/Simplicity Studio.app/Contents/Eclipse/developer/toolchains/gnu_arm/4.9_2015q3/bin/../lib/gcc/arm-none-eabi/4.9.3/../../../../arm-none-eabi/lib/armv7e-m/softfp/libc_nano.a(lib_a-impure.o)
 .text          0x0000000000000000        0x0 /Applications/Simplicity Studio.app/Contents/Eclipse/developer/toolchains/gnu_arm/4.9_2015q3/bin/../lib/gcc/arm-none-eabi/4.9.3/../../../../arm-none-eabi/lib/armv7e-m/softfp/libc_nano.a(lib_a-init.o)
 .data          0x0000000000000000        0x0 /Applications/Simplicity Studio.app/Contents/Eclipse/developer/toolchains/gnu_arm/4.9_2015q3/bin/../lib/gcc/arm-none-eabi/4.9.3/../../../../arm-none-eabi/lib/armv7e-m/softfp/libc_nano.a(lib_a-init.o)
 .bss           0x0000000000000000        0x0 /Applications/Simplicity Studio.app/Contents/Eclipse/developer/toolchains/gnu_arm/4.9_2015q3/bin/../lib/gcc/arm-none-eabi/4.9.3/../../../../arm-none-eabi/lib/armv7e-m/softfp/libc_nano.a(lib_a-init.o)
 .text          0x0000000000000000        0x0 /Applications/Simplicity Studio.app/Contents/Eclipse/developer/toolchains/gnu_arm/4.9_2015q3/bin/../lib/gcc/arm-none-eabi/4.9.3/../../../../arm-none-eabi/lib/armv7e-m/softfp/libc_nano.a(lib_a-memset.o)
 .data          0x0000000000000000        0x0 /Applications/Simplicity Studio.app/Contents/Eclipse/developer/toolchains/gnu_arm/4.9_2015q3/bin/../lib/gcc/arm-none-eabi/4.9.3/../../../../arm-none-eabi/lib/armv7e-m/softfp/libc_nano.a(lib_a-memset.o)
 .bss           0x0000000000000000        0x0 /Applications/Simplicity Studio.app/Contents/Eclipse/developer/toolchains/gnu_arm/4.9_2015q3/bin/../lib/gcc/arm-none-eabi/4.9.3/../../../../arm-none-eabi/lib/armv7e-m/softfp/libc_nano.a(lib_a-memset.o)
 .text          0x0000000000000000        0x0 /Applications/Simplicity Studio.app/Contents/Eclipse/developer/toolchains/gnu_arm/4.9_2015q3/bin/../lib/gcc/arm-none-eabi/4.9.3/../../../../arm-none-eabi/lib/armv7e-m/softfp/libnosys.a(_exit.o)
 .data          0x0000000000000000        0x0 /Applications/Simplicity Studio.app/Contents/Eclipse/developer/toolchains/gnu_arm/4.9_2015q3/bin/../lib/gcc/arm-none-eabi/4.9.3/../../../../arm-none-eabi/lib/armv7e-m/softfp/libnosys.a(_exit.o)
 .bss           0x0000000000000000        0x0 /Applications/Simplicity Studio.app/Contents/Eclipse/developer/toolchains/gnu_arm/4.9_2015q3/bin/../lib/gcc/arm-none-eabi/4.9.3/../../../../arm-none-eabi/lib/armv7e-m/softfp/libnosys.a(_exit.o)
 .text          0x0000000000000000        0x0 /Applications/Simplicity Studio.app/Contents/Eclipse/developer/toolchains/gnu_arm/4.9_2015q3/bin/../lib/gcc/arm-none-eabi/4.9.3/armv7e-m/softfp/crtend.o
 .data          0x0000000000000000        0x0 /Applications/Simplicity Studio.app/Contents/Eclipse/developer/toolchains/gnu_arm/4.9_2015q3/bin/../lib/gcc/arm-none-eabi/4.9.3/armv7e-m/softfp/crtend.o
 .bss           0x0000000000000000        0x0 /Applications/Simplicity Studio.app/Contents/Eclipse/developer/toolchains/gnu_arm/4.9_2015q3/bin/../lib/gcc/arm-none-eabi/4.9.3/armv7e-m/softfp/crtend.o
 .text          0x0000000000000000        0x0 /Applications/Simplicity Studio.app/Contents/Eclipse/developer/toolchains/gnu_arm/4.9_2015q3/bin/../lib/gcc/arm-none-eabi/4.9.3/armv7e-m/softfp/crtn.o
 .data          0x0000000000000000        0x0 /Applications/Simplicity Studio.app/Contents/Eclipse/developer/toolchains/gnu_arm/4.9_2015q3/bin/../lib/gcc/arm-none-eabi/4.9.3/armv7e-m/softfp/crtn.o
 .bss           0x0000000000000000        0x0 /Applications/Simplicity Studio.app/Contents/Eclipse/developer/toolchains/gnu_arm/4.9_2015q3/bin/../lib/gcc/arm-none-eabi/4.9.3/armv7e-m/softfp/crtn.o

Memory Configuration

Name             Origin             Length             Attributes
FLASH            0x0000000000000000 0x0000000000040000 xr
RAM              0x0000000020000000 0x0000000000008000 xrw
*default*        0x0000000000000000 0xffffffffffffffff

Linker script and memory map

LOAD /Applications/Simplicity Studio.app/Contents/Eclipse/developer/toolchains/gnu_arm/4.9_2015q3/bin/../lib/gcc/arm-none-eabi/4.9.3/armv7e-m/softfp/crti.o
LOAD /Applications/Simplicity Studio.app/Contents/Eclipse/developer/toolchains/gnu_arm/4.9_2015q3/bin/../lib/gcc/arm-none-eabi/4.9.3/armv7e-m/softfp/crtbegin.o
LOAD /Applications/Simplicity Studio.app/Contents/Eclipse/developer/toolchains/gnu_arm/4.9_2015q3/bin/../lib/gcc/arm-none-eabi/4.9.3/../../../../arm-none-eabi/lib/armv7e-m/softfp/crt0.o
LOAD ./CMSIS/EFM32WG/startup_efm32wg.o
LOAD ./CMSIS/EFM32WG/system_efm32wg.o
LOAD ./emlib/em_cmu.o
LOAD ./emlib/em_emu.o
LOAD ./emlib/em_gpio.o
LOAD ./emlib/em_system.o
LOAD ./emlib/em_timer.o
LOAD ./emlib/em_usart.o
LOAD ./src/epsilometer_analog.o
LOAD ./src/epsilometer_coms.o
LOAD ./src/epsilometer_main.o
START GROUP
LOAD /Applications/Simplicity Studio.app/Contents/Eclipse/developer/toolchains/gnu_arm/4.9_2015q3/bin/../lib/gcc/arm-none-eabi/4.9.3/armv7e-m/softfp/libgcc.a
LOAD /Applications/Simplicity Studio.app/Contents/Eclipse/developer/toolchains/gnu_arm/4.9_2015q3/bin/../lib/gcc/arm-none-eabi/4.9.3/../../../../arm-none-eabi/lib/armv7e-m/softfp/libc_nano.a
LOAD /Applications/Simplicity Studio.app/Contents/Eclipse/developer/toolchains/gnu_arm/4.9_2015q3/bin/../lib/gcc/arm-none-eabi/4.9.3/../../../../arm-none-eabi/lib/armv7e-m/softfp/libnosys.a
END GROUP
START GROUP
LOAD /Applications/Simplicity Studio.app/Contents/Eclipse/developer/toolchains/gnu_arm/4.9_2015q3/bin/../lib/gcc/arm-none-eabi/4.9.3/armv7e-m/softfp/libgcc.a
LOAD /Applications/Simplicity Studio.app/Contents/Eclipse/developer/toolchains/gnu_arm/4.9_2015q3/bin/../lib/gcc/arm-none-eabi/4.9.3/../../../../arm-none-eabi/lib/armv7e-m/softfp/libg_nano.a
LOAD /Applications/Simplicity Studio.app/Contents/Eclipse/developer/toolchains/gnu_arm/4.9_2015q3/bin/../lib/gcc/arm-none-eabi/4.9.3/../../../../arm-none-eabi/lib/armv7e-m/softfp/libc_nano.a
END GROUP
START GROUP
LOAD /Applications/Simplicity Studio.app/Contents/Eclipse/developer/toolchains/gnu_arm/4.9_2015q3/bin/../lib/gcc/arm-none-eabi/4.9.3/armv7e-m/softfp/libgcc.a
LOAD /Applications/Simplicity Studio.app/Contents/Eclipse/developer/toolchains/gnu_arm/4.9_2015q3/bin/../lib/gcc/arm-none-eabi/4.9.3/../../../../arm-none-eabi/lib/armv7e-m/softfp/libc_nano.a
END GROUP
LOAD /Applications/Simplicity Studio.app/Contents/Eclipse/developer/toolchains/gnu_arm/4.9_2015q3/bin/../lib/gcc/arm-none-eabi/4.9.3/armv7e-m/softfp/crtend.o
LOAD /Applications/Simplicity Studio.app/Contents/Eclipse/developer/toolchains/gnu_arm/4.9_2015q3/bin/../lib/gcc/arm-none-eabi/4.9.3/armv7e-m/softfp/crtn.o

.text           0x0000000000000000     0x20d8
 *(.vectors)
 .vectors       0x0000000000000000       0xe0 ./CMSIS/EFM32WG/startup_efm32wg.o
                0x0000000000000000                __Vectors
                0x00000000000000e0                __Vectors_End = .
                0x00000000000000e0                __Vectors_Size = (__Vectors_End - __Vectors)
                0x00000000000000e0                __end__ = .
 *(.text*)
 .text          0x00000000000000e0       0x5c /Applications/Simplicity Studio.app/Contents/Eclipse/developer/toolchains/gnu_arm/4.9_2015q3/bin/../lib/gcc/arm-none-eabi/4.9.3/armv7e-m/softfp/crtbegin.o
 .text          0x000000000000013c       0x74 /Applications/Simplicity Studio.app/Contents/Eclipse/developer/toolchains/gnu_arm/4.9_2015q3/bin/../lib/gcc/arm-none-eabi/4.9.3/../../../../arm-none-eabi/lib/armv7e-m/softfp/crt0.o
                0x000000000000013c                _mainCRTStartup
                0x000000000000013c                _start
 .text          0x00000000000001b0       0x30 ./CMSIS/EFM32WG/startup_efm32wg.o
                0x00000000000001b0                Reset_Handler
                0x00000000000001dc                DebugMon_Handler
                0x00000000000001dc                USART0_TX_IRQHandler
                0x00000000000001dc                I2C0_IRQHandler
                0x00000000000001dc                HardFault_Handler
                0x00000000000001dc                LEUART1_IRQHandler
                0x00000000000001dc                SysTick_Handler
                0x00000000000001dc                USART1_RX_IRQHandler
                0x00000000000001dc                PendSV_Handler
                0x00000000000001dc                NMI_Handler
                0x00000000000001dc                I2C1_IRQHandler
                0x00000000000001dc                TIMER3_IRQHandler
                0x00000000000001dc                USART1_TX_IRQHandler
                0x00000000000001dc                MSC_IRQHandler
                0x00000000000001dc                ADC0_IRQHandler
                0x00000000000001dc                UsageFault_Handler
                0x00000000000001dc                LEUART0_IRQHandler
                0x00000000000001dc                FPUEH_IRQHandler
                0x00000000000001dc                GPIO_EVEN_IRQHandler
                0x00000000000001dc                UART0_TX_IRQHandler
                0x00000000000001dc                UART1_TX_IRQHandler
                0x00000000000001dc                RTC_IRQHandler
                0x00000000000001dc                TIMER0_IRQHandler
                0x00000000000001dc                LCD_IRQHandler
                0x00000000000001dc                PCNT2_IRQHandler
                0x00000000000001dc                UART0_RX_IRQHandler
                0x00000000000001dc                LETIMER0_IRQHandler
                0x00000000000001dc                TIMER1_IRQHandler
                0x00000000000001dc                USART2_RX_IRQHandler
                0x00000000000001dc                Default_Handler
                0x00000000000001dc                EMU_IRQHandler
                0x00000000000001dc                PCNT0_IRQHandler
                0x00000000000001dc                USB_IRQHandler
                0x00000000000001dc                BURTC_IRQHandler
                0x00000000000001dc                PCNT1_IRQHandler
                0x00000000000001dc                ACMP0_IRQHandler
                0x00000000000001dc                USART0_RX_IRQHandler
                0x00000000000001dc                MemManage_Handler
                0x00000000000001dc                SVC_Handler
                0x00000000000001dc                DAC0_IRQHandler
                0x00000000000001dc                UART1_RX_IRQHandler
                0x00000000000001dc                CMU_IRQHandler
                0x00000000000001dc                EBI_IRQHandler
                0x00000000000001dc                LESENSE_IRQHandler
                0x00000000000001dc                AES_IRQHandler
                0x00000000000001dc                VCMP_IRQHandler
                0x00000000000001dc                DMA_IRQHandler
                0x00000000000001dc                BusFault_Handler
                0x00000000000001dc                TIMER2_IRQHandler
                0x00000000000001dc                USART2_TX_IRQHandler
 .text.GetProdRev
                0x00000000000001e0       0x1c ./CMSIS/EFM32WG/system_efm32wg.o
 .text.SystemCoreClockGet
                0x00000000000001fc       0x34 ./CMSIS/EFM32WG/system_efm32wg.o
                0x00000000000001fc                SystemCoreClockGet
 .text.SystemMaxCoreClockGet
                0x0000000000000230       0x14 ./CMSIS/EFM32WG/system_efm32wg.o
                0x0000000000000230                SystemMaxCoreClockGet
 .text.SystemHFClockGet
                0x0000000000000244      0x100 ./CMSIS/EFM32WG/system_efm32wg.o
                0x0000000000000244                SystemHFClockGet
 .text.SystemHFXOClockGet
                0x0000000000000344       0x18 ./CMSIS/EFM32WG/system_efm32wg.o
                0x0000000000000344                SystemHFXOClockGet
 .text.SystemInit
                0x000000000000035c       0x20 ./CMSIS/EFM32WG/system_efm32wg.o
                0x000000000000035c                SystemInit
 .text.SystemLFRCOClockGet
                0x000000000000037c       0x14 ./CMSIS/EFM32WG/system_efm32wg.o
                0x000000000000037c                SystemLFRCOClockGet
 .text.SystemULFRCOClockGet
                0x0000000000000390       0x14 ./CMSIS/EFM32WG/system_efm32wg.o
                0x0000000000000390                SystemULFRCOClockGet
 .text.SystemLFXOClockGet
                0x00000000000003a4       0x18 ./CMSIS/EFM32WG/system_efm32wg.o
                0x00000000000003a4                SystemLFXOClockGet
 .text.BUS_RegBitWrite
                0x00000000000003bc       0x2c ./emlib/em_cmu.o
 .text.BUS_RegBitRead
                0x00000000000003e8       0x2c ./emlib/em_cmu.o
 .text.CMU_DivToLog2
                0x0000000000000414       0x34 ./emlib/em_cmu.o
 .text.SYSTEM_GetProdRev
                0x0000000000000448       0x1c ./emlib/em_cmu.o
 .text.setHfLeConfig
                0x0000000000000464       0x3c ./emlib/em_cmu.o
 .text.getHfLeConfig
                0x00000000000004a0       0x2c ./emlib/em_cmu.o
 .text.auxClkGet
                0x00000000000004cc       0xb0 ./emlib/em_cmu.o
 .text.dbgClkGet
                0x000000000000057c       0x40 ./emlib/em_cmu.o
 .text.flashWaitStateControl
                0x00000000000005bc       0xb8 ./emlib/em_cmu.o
 .text.flashWaitStateMax
                0x0000000000000674       0x14 ./emlib/em_cmu.o
 .text.lfClkGet
                0x0000000000000688       0xec ./emlib/em_cmu.o
 .text.syncReg  0x0000000000000774       0x34 ./emlib/em_cmu.o
 .text.CMU_ClockEnable
                0x00000000000007a8       0xd4 ./emlib/em_cmu.o
                0x00000000000007a8                CMU_ClockEnable
 .text.CMU_ClockFreqGet
                0x000000000000087c      0x1c8 ./emlib/em_cmu.o
                0x000000000000087c                CMU_ClockFreqGet
 .text.CMU_ClockSelectGet
                0x0000000000000a44      0x124 ./emlib/em_cmu.o
                0x0000000000000a44                CMU_ClockSelectGet
 .text.CMU_ClockSelectSet
                0x0000000000000b68      0x228 ./emlib/em_cmu.o
                0x0000000000000b68                CMU_ClockSelectSet
 .text.CMU_OscillatorEnable
                0x0000000000000d90       0xc0 ./emlib/em_cmu.o
                0x0000000000000d90                CMU_OscillatorEnable
 .text.EMU_UpdateOscConfig
                0x0000000000000e50       0x1c ./emlib/em_emu.o
                0x0000000000000e50                EMU_UpdateOscConfig
 .text.BUS_RegBitWrite
                0x0000000000000e6c       0x2c ./emlib/em_gpio.o
 .text.BUS_RegMaskedWrite
                0x0000000000000e98       0x28 ./emlib/em_gpio.o
 .text.GPIO_PinOutClear
                0x0000000000000ec0       0x58 ./emlib/em_gpio.o
 .text.GPIO_PinOutSet
                0x0000000000000f18       0x58 ./emlib/em_gpio.o
 .text.GPIO_ExtIntConfig
                0x0000000000000f70       0xd0 ./emlib/em_gpio.o
                0x0000000000000f70                GPIO_ExtIntConfig
 .text.GPIO_PinModeSet
                0x0000000000001040      0x10c ./emlib/em_gpio.o
                0x0000000000001040                GPIO_PinModeSet
 .text.BUS_RegMaskedWrite
                0x000000000000114c       0x28 ./emlib/em_usart.o
 .text.USART_BaudrateAsyncSet
                0x0000000000001174       0xb0 ./emlib/em_usart.o
                0x0000000000001174                USART_BaudrateAsyncSet
 .text.USART_BaudrateSyncSet
                0x0000000000001224       0x74 ./emlib/em_usart.o
                0x0000000000001224                USART_BaudrateSyncSet
 .text.USART_Enable
                0x0000000000001298       0x58 ./emlib/em_usart.o
                0x0000000000001298                USART_Enable
 .text.USART_InitAsync
                0x00000000000012f0       0x9c ./emlib/em_usart.o
                0x00000000000012f0                USART_InitAsync
 .text.USART_InitSync
                0x000000000000138c       0xcc ./emlib/em_usart.o
                0x000000000000138c                USART_InitSync
 .text.USART_Reset
                0x0000000000001458       0x98 ./emlib/em_usart.o
                0x0000000000001458                USART_Reset
 .text.USART_SpiTransfer
                0x00000000000014f0       0x40 ./emlib/em_usart.o
                0x00000000000014f0                USART_SpiTransfer
 .text.USART_Tx
                0x0000000000001530       0x2c ./emlib/em_usart.o
                0x0000000000001530                USART_Tx
 .text.NVIC_EnableIRQ
                0x000000000000155c       0x30 ./src/epsilometer_analog.o
 .text.NVIC_ClearPendingIRQ
                0x000000000000158c       0x34 ./src/epsilometer_analog.o
 .text.GPIO_IntClear
                0x00000000000015c0       0x20 ./src/epsilometer_analog.o
 .text.GPIO_IntDisable
                0x00000000000015e0       0x28 ./src/epsilometer_analog.o
 .text.GPIO_IntEnable
                0x0000000000001608       0x28 ./src/epsilometer_analog.o
 .text.AD7124_SetRegisterValue
                0x0000000000001630       0x78 ./src/epsilometer_analog.o
                0x0000000000001630                AD7124_SetRegisterValue
 .text.AD7124_GetRegisterValue
                0x00000000000016a8       0x8c ./src/epsilometer_analog.o
                0x00000000000016a8                AD7124_GetRegisterValue
 .text.AD7124_Reset
                0x0000000000001734       0x3c ./src/epsilometer_analog.o
                0x0000000000001734                AD7124_Reset
 .text.AD7124_StartConversion
                0x0000000000001770       0x40 ./src/epsilometer_analog.o
                0x0000000000001770                AD7124_StartConversion
 .text.AD7124_ConfigureDevice
                0x00000000000017b0       0xbc ./src/epsilometer_analog.o
                0x00000000000017b0                AD7124_ConfigureDevice
 .text.AD7124_ChipSelect
                0x000000000000186c       0x28 ./src/epsilometer_analog.o
                0x000000000000186c                AD7124_ChipSelect
 .text.SPI_xfer
                0x0000000000001894       0x5c ./src/epsilometer_analog.o
                0x0000000000001894                SPI_xfer
 .text.SPI_Init
                0x00000000000018f0       0x80 ./src/epsilometer_analog.o
                0x00000000000018f0                SPI_Init
 .text.setupGpioInt
                0x0000000000001970       0x38 ./src/epsilometer_analog.o
                0x0000000000001970                setupGpioInt
 .text.GPIO_ODD_IRQHandler
                0x00000000000019a8       0xd0 ./src/epsilometer_analog.o
                0x00000000000019a8                GPIO_ODD_IRQHandler
 .text.NVIC_EnableIRQ
                0x0000000000001a78       0x30 ./src/epsilometer_coms.o
 .text.NVIC_ClearPendingIRQ
                0x0000000000001aa8       0x34 ./src/epsilometer_coms.o
 .text.UART_Setup
                0x0000000000001adc       0x98 ./src/epsilometer_coms.o
                0x0000000000001adc                UART_Setup
 .text.CHIP_Init
                0x0000000000001b74        0xc ./src/epsilometer_main.o
 .text.main     0x0000000000001b80      0x468 ./src/epsilometer_main.o
                0x0000000000001b80                main
 .text.exit     0x0000000000001fe8       0x28 /Applications/Simplicity Studio.app/Contents/Eclipse/developer/toolchains/gnu_arm/4.9_2015q3/bin/../lib/gcc/arm-none-eabi/4.9.3/../../../../arm-none-eabi/lib/armv7e-m/softfp/libc_nano.a(lib_a-exit.o)
                0x0000000000001fe8                exit
 .text.__libc_init_array
                0x0000000000002010       0x4c /Applications/Simplicity Studio.app/Contents/Eclipse/developer/toolchains/gnu_arm/4.9_2015q3/bin/../lib/gcc/arm-none-eabi/4.9.3/../../../../arm-none-eabi/lib/armv7e-m/softfp/libc_nano.a(lib_a-init.o)
                0x0000000000002010                __libc_init_array
 .text.memset   0x000000000000205c       0x10 /Applications/Simplicity Studio.app/Contents/Eclipse/developer/toolchains/gnu_arm/4.9_2015q3/bin/../lib/gcc/arm-none-eabi/4.9.3/../../../../arm-none-eabi/lib/armv7e-m/softfp/libc_nano.a(lib_a-memset.o)
                0x000000000000205c                memset
 .text._exit    0x000000000000206c        0x4 /Applications/Simplicity Studio.app/Contents/Eclipse/developer/toolchains/gnu_arm/4.9_2015q3/bin/../lib/gcc/arm-none-eabi/4.9.3/../../../../arm-none-eabi/lib/armv7e-m/softfp/libnosys.a(_exit.o)
                0x000000000000206c                _exit
 *(.init)
 .init          0x0000000000002070        0x4 /Applications/Simplicity Studio.app/Contents/Eclipse/developer/toolchains/gnu_arm/4.9_2015q3/bin/../lib/gcc/arm-none-eabi/4.9.3/armv7e-m/softfp/crti.o
                0x0000000000002070                _init
 .init          0x0000000000002074        0x8 /Applications/Simplicity Studio.app/Contents/Eclipse/developer/toolchains/gnu_arm/4.9_2015q3/bin/../lib/gcc/arm-none-eabi/4.9.3/armv7e-m/softfp/crtn.o
 *(.fini)
 .fini          0x000000000000207c        0x4 /Applications/Simplicity Studio.app/Contents/Eclipse/developer/toolchains/gnu_arm/4.9_2015q3/bin/../lib/gcc/arm-none-eabi/4.9.3/armv7e-m/softfp/crti.o
                0x000000000000207c                _fini
 .fini          0x0000000000002080        0x8 /Applications/Simplicity Studio.app/Contents/Eclipse/developer/toolchains/gnu_arm/4.9_2015q3/bin/../lib/gcc/arm-none-eabi/4.9.3/armv7e-m/softfp/crtn.o
 *crtbegin.o(.ctors)
 *crtbegin?.o(.ctors)
 *(EXCLUDE_FILE(*crtend.o *crtend?.o) .ctors)
 *(SORT(.ctors.*))
 *(.ctors)
 *crtbegin.o(.dtors)
 *crtbegin?.o(.dtors)
 *(EXCLUDE_FILE(*crtend.o *crtend?.o) .dtors)
 *(SORT(.dtors.*))
 *(.dtors)
 *(.rodata*)
 .rodata        0x0000000000002088       0x18 ./src/epsilometer_analog.o
 .rodata        0x00000000000020a0       0x2c ./src/epsilometer_main.o
 .rodata.str1.1
                0x00000000000020cc        0x2 /Applications/Simplicity Studio.app/Contents/Eclipse/developer/toolchains/gnu_arm/4.9_2015q3/bin/../lib/gcc/arm-none-eabi/4.9.3/../../../../arm-none-eabi/lib/armv7e-m/softfp/libc_nano.a(lib_a-impure.o)
 *fill*         0x00000000000020ce        0x2 
 .rodata._global_impure_ptr
                0x00000000000020d0        0x4 /Applications/Simplicity Studio.app/Contents/Eclipse/developer/toolchains/gnu_arm/4.9_2015q3/bin/../lib/gcc/arm-none-eabi/4.9.3/../../../../arm-none-eabi/lib/armv7e-m/softfp/libc_nano.a(lib_a-impure.o)
                0x00000000000020d0                _global_impure_ptr
 *(.eh_frame*)
 .eh_frame      0x00000000000020d4        0x0 /Applications/Simplicity Studio.app/Contents/Eclipse/developer/toolchains/gnu_arm/4.9_2015q3/bin/../lib/gcc/arm-none-eabi/4.9.3/armv7e-m/softfp/crtbegin.o
 .eh_frame      0x00000000000020d4        0x4 /Applications/Simplicity Studio.app/Contents/Eclipse/developer/toolchains/gnu_arm/4.9_2015q3/bin/../lib/gcc/arm-none-eabi/4.9.3/armv7e-m/softfp/crtend.o

.glue_7         0x00000000000020d8        0x0
 .glue_7        0x0000000000000000        0x0 linker stubs

.glue_7t        0x00000000000020d8        0x0
 .glue_7t       0x0000000000000000        0x0 linker stubs

.vfp11_veneer   0x00000000000020d8        0x0
 .vfp11_veneer  0x0000000000000000        0x0 linker stubs

.v4_bx          0x00000000000020d8        0x0
 .v4_bx         0x0000000000000000        0x0 linker stubs

.iplt           0x00000000000020d8        0x0
 .iplt          0x0000000000000000        0x0 /Applications/Simplicity Studio.app/Contents/Eclipse/developer/toolchains/gnu_arm/4.9_2015q3/bin/../lib/gcc/arm-none-eabi/4.9.3/armv7e-m/softfp/crtbegin.o

.ARM.extab
 *(.ARM.extab* .gnu.linkonce.armextab.*)
                0x00000000000020d8                __exidx_start = .

.ARM.exidx      0x00000000000020d8        0x8
 *(.ARM.exidx* .gnu.linkonce.armexidx.*)
 .ARM.exidx     0x00000000000020d8        0x8 /Applications/Simplicity Studio.app/Contents/Eclipse/developer/toolchains/gnu_arm/4.9_2015q3/bin/../lib/gcc/arm-none-eabi/4.9.3/../../../../arm-none-eabi/lib/armv7e-m/softfp/crt0.o
                0x00000000000020e0                __exidx_end = .
                0x00000000000020e0                __etext = .

.rel.dyn        0x00000000000020e0        0x0
 .rel.iplt      0x0000000000000000        0x0 /Applications/Simplicity Studio.app/Contents/Eclipse/developer/toolchains/gnu_arm/4.9_2015q3/bin/../lib/gcc/arm-none-eabi/4.9.3/armv7e-m/softfp/crtbegin.o

.data           0x0000000020000000      0x268 load address 0x00000000000020e0
                0x0000000020000000                __data_start__ = .
 *(vtable)
 *(.data*)
 .data.SystemHFXOClock
                0x0000000020000000        0x4 ./CMSIS/EFM32WG/system_efm32wg.o
 .data.SystemLFXOClock
                0x0000000020000004        0x4 ./CMSIS/EFM32WG/system_efm32wg.o
 .data.boardSetup
                0x0000000020000008       0x30 ./src/epsilometer_main.o
                0x0000000020000008                boardSetup
 .data.boardSetup_ptr
                0x0000000020000038        0x4 ./src/epsilometer_main.o
                0x0000000020000038                boardSetup_ptr
 .data.fp07_1   0x000000002000003c       0x34 ./src/epsilometer_main.o
                0x000000002000003c                fp07_1
 .data.fp07_2   0x0000000020000070       0x34 ./src/epsilometer_main.o
                0x0000000020000070                fp07_2
 .data.shr_1    0x00000000200000a4       0x34 ./src/epsilometer_main.o
                0x00000000200000a4                shr_1
 .data.shr_2    0x00000000200000d8       0x34 ./src/epsilometer_main.o
                0x00000000200000d8                shr_2
 .data.con_1    0x000000002000010c       0x34 ./src/epsilometer_main.o
                0x000000002000010c                con_1
 .data.ax       0x0000000020000140       0x34 ./src/epsilometer_main.o
                0x0000000020000140                ax
 .data.ay       0x0000000020000174       0x34 ./src/epsilometer_main.o
                0x0000000020000174                ay
 .data.az       0x00000000200001a8       0x34 ./src/epsilometer_main.o
                0x00000000200001a8                az
 .data.sensors  0x00000000200001dc       0x20 ./src/epsilometer_main.o
                0x00000000200001dc                sensors
 .data.impure_data
                0x00000000200001fc       0x60 /Applications/Simplicity Studio.app/Contents/Eclipse/developer/toolchains/gnu_arm/4.9_2015q3/bin/../lib/gcc/arm-none-eabi/4.9.3/../../../../arm-none-eabi/lib/armv7e-m/softfp/libc_nano.a(lib_a-impure.o)
                0x000000002000025c                . = ALIGN (0x4)
 *(.ram)
                0x000000002000025c                . = ALIGN (0x4)
                0x000000002000025c                PROVIDE (__preinit_array_start, .)
 *(.preinit_array)
                0x000000002000025c                PROVIDE (__preinit_array_end, .)
                0x000000002000025c                . = ALIGN (0x4)
                0x000000002000025c                PROVIDE (__init_array_start, .)
 *(SORT(.init_array.*))
 *(.init_array)
 .init_array    0x000000002000025c        0x4 /Applications/Simplicity Studio.app/Contents/Eclipse/developer/toolchains/gnu_arm/4.9_2015q3/bin/../lib/gcc/arm-none-eabi/4.9.3/armv7e-m/softfp/crtbegin.o
                0x0000000020000260                PROVIDE (__init_array_end, .)
                0x0000000020000260                . = ALIGN (0x4)
                0x0000000020000260                PROVIDE (__fini_array_start, .)
 *(SORT(.fini_array.*))
 *(.fini_array)
 .fini_array    0x0000000020000260        0x4 /Applications/Simplicity Studio.app/Contents/Eclipse/developer/toolchains/gnu_arm/4.9_2015q3/bin/../lib/gcc/arm-none-eabi/4.9.3/armv7e-m/softfp/crtbegin.o
                0x0000000020000264                PROVIDE (__fini_array_end, .)
 *(.jcr*)
 .jcr           0x0000000020000264        0x0 /Applications/Simplicity Studio.app/Contents/Eclipse/developer/toolchains/gnu_arm/4.9_2015q3/bin/../lib/gcc/arm-none-eabi/4.9.3/armv7e-m/softfp/crtbegin.o
 .jcr           0x0000000020000264        0x4 /Applications/Simplicity Studio.app/Contents/Eclipse/developer/toolchains/gnu_arm/4.9_2015q3/bin/../lib/gcc/arm-none-eabi/4.9.3/armv7e-m/softfp/crtend.o
                0x0000000020000268                . = ALIGN (0x4)
                0x0000000020000268                __data_end__ = .

.igot.plt       0x0000000020000268        0x0 load address 0x0000000000002348
 .igot.plt      0x0000000000000000        0x0 /Applications/Simplicity Studio.app/Contents/Eclipse/developer/toolchains/gnu_arm/4.9_2015q3/bin/../lib/gcc/arm-none-eabi/4.9.3/armv7e-m/softfp/crtbegin.o

.bss            0x0000000020000268       0x28 load address 0x0000000000002348
                0x0000000020000268                . = ALIGN (0x4)
                0x0000000020000268                __bss_start__ = .
 *(.bss*)
 .bss           0x0000000020000268       0x1c /Applications/Simplicity Studio.app/Contents/Eclipse/developer/toolchains/gnu_arm/4.9_2015q3/bin/../lib/gcc/arm-none-eabi/4.9.3/armv7e-m/softfp/crtbegin.o
 .bss.cmuStatus
                0x0000000020000284        0x4 ./emlib/em_emu.o
 .bss.pendingSamples
                0x0000000020000288        0x4 ./src/epsilometer_main.o
                0x0000000020000288                pendingSamples
 *(COMMON)
 COMMON         0x000000002000028c        0x4 ./CMSIS/EFM32WG/system_efm32wg.o
                0x000000002000028c                SystemCoreClock
                0x0000000020000290                . = ALIGN (0x4)
                0x0000000020000290                __bss_end__ = .

.heap           0x0000000020000290      0xc00
                0x0000000020000290                __HeapBase = .
                0x0000000020000290                __end__ = .
                0x0000000020000290                end = __end__
                0x0000000020000290                _end = __end__
 *(.heap*)
 .heap          0x0000000020000290      0xc00 ./CMSIS/EFM32WG/startup_efm32wg.o
                0x0000000020000e90                __HeapLimit = .

.stack_dummy    0x0000000020000290      0x400
 *(.stack*)
 .stack         0x0000000020000290      0x400 ./CMSIS/EFM32WG/startup_efm32wg.o
                0x0000000020008000                __StackTop = (ORIGIN (RAM) + 0x8000)
                0x0000000020007c00                __StackLimit = (__StackTop - SIZEOF (.stack_dummy))
                0x0000000020008000                PROVIDE (__stack, __StackTop)
                0x0000000000000001                ASSERT ((__StackLimit >= __HeapLimit), region RAM overflowed with stack)
                0x0000000000000001                ASSERT ((0x40000 >= (__etext + SIZEOF (.data))), FLASH memory overflowed !)
OUTPUT(Analog-dev-master.axf elf32-littlearm)

.ARM.attributes
                0x0000000000000000       0x2e
 .ARM.attributes
                0x0000000000000000       0x22 /Applications/Simplicity Studio.app/Contents/Eclipse/developer/toolchains/gnu_arm/4.9_2015q3/bin/../lib/gcc/arm-none-eabi/4.9.3/armv7e-m/softfp/crti.o
 .ARM.attributes
                0x0000000000000022       0x32 /Applications/Simplicity Studio.app/Contents/Eclipse/developer/toolchains/gnu_arm/4.9_2015q3/bin/../lib/gcc/arm-none-eabi/4.9.3/armv7e-m/softfp/crtbegin.o
 .ARM.attributes
                0x0000000000000054       0x20 /Applications/Simplicity Studio.app/Contents/Eclipse/developer/toolchains/gnu_arm/4.9_2015q3/bin/../lib/gcc/arm-none-eabi/4.9.3/../../../../arm-none-eabi/lib/armv7e-m/softfp/crt0.o
 .ARM.attributes
                0x0000000000000074       0x1b ./CMSIS/EFM32WG/startup_efm32wg.o
 .ARM.attributes
                0x000000000000008f       0x37 ./CMSIS/EFM32WG/system_efm32wg.o
 .ARM.attributes
                0x00000000000000c6       0x37 ./emlib/em_cmu.o
 .ARM.attributes
                0x00000000000000fd       0x37 ./emlib/em_emu.o
 .ARM.attributes
                0x0000000000000134       0x37 ./emlib/em_gpio.o
 .ARM.attributes
                0x000000000000016b       0x37 ./emlib/em_usart.o
 .ARM.attributes
                0x00000000000001a2       0x37 ./src/epsilometer_analog.o
 .ARM.attributes
                0x00000000000001d9       0x37 ./src/epsilometer_coms.o
 .ARM.attributes
                0x0000000000000210       0x37 ./src/epsilometer_main.o
 .ARM.attributes
                0x0000000000000247       0x32 /Applications/Simplicity Studio.app/Contents/Eclipse/developer/toolchains/gnu_arm/4.9_2015q3/bin/../lib/gcc/arm-none-eabi/4.9.3/../../../../arm-none-eabi/lib/armv7e-m/softfp/libc_nano.a(lib_a-exit.o)
 .ARM.attributes
                0x0000000000000279       0x32 /Applications/Simplicity Studio.app/Contents/Eclipse/developer/toolchains/gnu_arm/4.9_2015q3/bin/../lib/gcc/arm-none-eabi/4.9.3/../../../../arm-none-eabi/lib/armv7e-m/softfp/libc_nano.a(lib_a-impure.o)
 .ARM.attributes
                0x00000000000002ab       0x32 /Applications/Simplicity Studio.app/Contents/Eclipse/developer/toolchains/gnu_arm/4.9_2015q3/bin/../lib/gcc/arm-none-eabi/4.9.3/../../../../arm-none-eabi/lib/armv7e-m/softfp/libc_nano.a(lib_a-init.o)
 .ARM.attributes
                0x00000000000002dd       0x32 /Applications/Simplicity Studio.app/Contents/Eclipse/developer/toolchains/gnu_arm/4.9_2015q3/bin/../lib/gcc/arm-none-eabi/4.9.3/../../../../arm-none-eabi/lib/armv7e-m/softfp/libc_nano.a(lib_a-memset.o)
 .ARM.attributes
                0x000000000000030f       0x32 /Applications/Simplicity Studio.app/Contents/Eclipse/developer/toolchains/gnu_arm/4.9_2015q3/bin/../lib/gcc/arm-none-eabi/4.9.3/../../../../arm-none-eabi/lib/armv7e-m/softfp/libnosys.a(_exit.o)
 .ARM.attributes
                0x0000000000000341       0x32 /Applications/Simplicity Studio.app/Contents/Eclipse/developer/toolchains/gnu_arm/4.9_2015q3/bin/../lib/gcc/arm-none-eabi/4.9.3/armv7e-m/softfp/crtend.o
 .ARM.attributes
                0x0000000000000373       0x22 /Applications/Simplicity Studio.app/Contents/Eclipse/developer/toolchains/gnu_arm/4.9_2015q3/bin/../lib/gcc/arm-none-eabi/4.9.3/armv7e-m/softfp/crtn.o

.comment        0x0000000000000000       0x70
 .comment       0x0000000000000000       0x70 ./CMSIS/EFM32WG/system_efm32wg.o
                                         0x71 (size before relaxing)
 .comment       0x0000000000000000       0x71 ./emlib/em_cmu.o
 .comment       0x0000000000000000       0x71 ./emlib/em_emu.o
 .comment       0x0000000000000000       0x71 ./emlib/em_gpio.o
 .comment       0x0000000000000000       0x71 ./emlib/em_usart.o
 .comment       0x0000000000000000       0x71 ./src/epsilometer_analog.o
 .comment       0x0000000000000000       0x71 ./src/epsilometer_coms.o
 .comment       0x0000000000000000       0x71 ./src/epsilometer_main.o

.debug_line     0x0000000000000000     0x2d72
 .debug_line    0x0000000000000000       0xdf ./CMSIS/EFM32WG/startup_efm32wg.o
 .debug_line    0x00000000000000df      0x3d7 ./CMSIS/EFM32WG/system_efm32wg.o
 .debug_line    0x00000000000004b6      0xa16 ./emlib/em_cmu.o
 .debug_line    0x0000000000000ecc      0x5db ./emlib/em_emu.o
 .debug_line    0x00000000000014a7      0x514 ./emlib/em_gpio.o
 .debug_line    0x00000000000019bb      0x69b ./emlib/em_usart.o
 .debug_line    0x0000000000002056      0x55e ./src/epsilometer_analog.o
 .debug_line    0x00000000000025b4      0x3c8 ./src/epsilometer_coms.o
 .debug_line    0x000000000000297c      0x3f6 ./src/epsilometer_main.o

.debug_info     0x0000000000000000     0x641a
 .debug_info    0x0000000000000000      0x113 ./CMSIS/EFM32WG/startup_efm32wg.o
 .debug_info    0x0000000000000113      0x746 ./CMSIS/EFM32WG/system_efm32wg.o
 .debug_info    0x0000000000000859     0x11f6 ./emlib/em_cmu.o
 .debug_info    0x0000000000001a4f      0xdd1 ./emlib/em_emu.o
 .debug_info    0x0000000000002820      0x65a ./emlib/em_gpio.o
 .debug_info    0x0000000000002e7a      0xee1 ./emlib/em_usart.o
 .debug_info    0x0000000000003d5b     0x1293 ./src/epsilometer_analog.o
 .debug_info    0x0000000000004fee      0xabb ./src/epsilometer_coms.o
 .debug_info    0x0000000000005aa9      0x971 ./src/epsilometer_main.o

.debug_abbrev   0x0000000000000000     0x1034
 .debug_abbrev  0x0000000000000000       0x14 ./CMSIS/EFM32WG/startup_efm32wg.o
 .debug_abbrev  0x0000000000000014      0x1a3 ./CMSIS/EFM32WG/system_efm32wg.o
 .debug_abbrev  0x00000000000001b7      0x2ed ./emlib/em_cmu.o
 .debug_abbrev  0x00000000000004a4      0x252 ./emlib/em_emu.o
 .debug_abbrev  0x00000000000006f6      0x1cd ./emlib/em_gpio.o
 .debug_abbrev  0x00000000000008c3      0x1dd ./emlib/em_usart.o
 .debug_abbrev  0x0000000000000aa0      0x26b ./src/epsilometer_analog.o
 .debug_abbrev  0x0000000000000d0b      0x1de ./src/epsilometer_coms.o
 .debug_abbrev  0x0000000000000ee9      0x14b ./src/epsilometer_main.o

.debug_aranges  0x0000000000000000      0x4b0
 .debug_aranges
                0x0000000000000000       0x20 ./CMSIS/EFM32WG/startup_efm32wg.o
 .debug_aranges
                0x0000000000000020       0x70 ./CMSIS/EFM32WG/system_efm32wg.o
 .debug_aranges
                0x0000000000000090      0x150 ./emlib/em_cmu.o
 .debug_aranges
                0x00000000000001e0       0xa8 ./emlib/em_emu.o
 .debug_aranges
                0x0000000000000288       0x70 ./emlib/em_gpio.o
 .debug_aranges
                0x00000000000002f8       0xc0 ./emlib/em_usart.o
 .debug_aranges
                0x00000000000003b8       0x98 ./src/epsilometer_analog.o
 .debug_aranges
                0x0000000000000450       0x38 ./src/epsilometer_coms.o
 .debug_aranges
                0x0000000000000488       0x28 ./src/epsilometer_main.o

.debug_loc      0x0000000000000000     0x2744
 .debug_loc     0x0000000000000000      0x31c ./CMSIS/EFM32WG/system_efm32wg.o
 .debug_loc     0x000000000000031c      0xc6c ./emlib/em_cmu.o
 .debug_loc     0x0000000000000f88      0x5a0 ./emlib/em_emu.o
 .debug_loc     0x0000000000001528      0x3d0 ./emlib/em_gpio.o
 .debug_loc     0x00000000000018f8      0x72e ./emlib/em_usart.o
 .debug_loc     0x0000000000002026      0x548 ./src/epsilometer_analog.o
 .debug_loc     0x000000000000256e      0x158 ./src/epsilometer_coms.o
 .debug_loc     0x00000000000026c6       0x7e ./src/epsilometer_main.o

.debug_ranges   0x0000000000000000      0x410
 .debug_ranges  0x0000000000000000       0x60 ./CMSIS/EFM32WG/system_efm32wg.o
 .debug_ranges  0x0000000000000060      0x140 ./emlib/em_cmu.o
 .debug_ranges  0x00000000000001a0       0x98 ./emlib/em_emu.o
 .debug_ranges  0x0000000000000238       0x60 ./emlib/em_gpio.o
 .debug_ranges  0x0000000000000298       0xb0 ./emlib/em_usart.o
 .debug_ranges  0x0000000000000348       0x88 ./src/epsilometer_analog.o
 .debug_ranges  0x00000000000003d0       0x28 ./src/epsilometer_coms.o
 .debug_ranges  0x00000000000003f8       0x18 ./src/epsilometer_main.o

.debug_str      0x0000000000000000     0x290a
 .debug_str     0x0000000000000000      0x4ce ./CMSIS/EFM32WG/system_efm32wg.o
                                        0x54e (size before relaxing)
 .debug_str     0x00000000000004ce      0x9cc ./emlib/em_cmu.o
                                        0xd51 (size before relaxing)
 .debug_str     0x0000000000000e9a      0x51a ./emlib/em_emu.o
                                        0x88e (size before relaxing)
 .debug_str     0x00000000000013b4      0x418 ./emlib/em_gpio.o
                                        0x631 (size before relaxing)
 .debug_str     0x00000000000017cc      0x9c2 ./emlib/em_usart.o
                                        0xe0a (size before relaxing)
 .debug_str     0x000000000000218e      0x671 ./src/epsilometer_analog.o
                                       0x1085 (size before relaxing)
 .debug_str     0x00000000000027ff       0x49 ./src/epsilometer_coms.o
                                        0xd9d (size before relaxing)
 .debug_str     0x0000000000002848       0xc2 ./src/epsilometer_main.o
                                        0x9c9 (size before relaxing)

.debug_frame    0x0000000000000000     0x12d4
 .debug_frame   0x0000000000000000      0x180 ./CMSIS/EFM32WG/system_efm32wg.o
 .debug_frame   0x0000000000000180      0x5c0 ./emlib/em_cmu.o
 .debug_frame   0x0000000000000740      0x29c ./emlib/em_emu.o
 .debug_frame   0x00000000000009dc      0x1c0 ./emlib/em_gpio.o
 .debug_frame   0x0000000000000b9c      0x338 ./emlib/em_usart.o
 .debug_frame   0x0000000000000ed4      0x270 ./src/epsilometer_analog.o
 .debug_frame   0x0000000000001144       0xa8 ./src/epsilometer_coms.o
 .debug_frame   0x00000000000011ec       0x54 ./src/epsilometer_main.o
 .debug_frame   0x0000000000001240       0x28 /Applications/Simplicity Studio.app/Contents/Eclipse/developer/toolchains/gnu_arm/4.9_2015q3/bin/../lib/gcc/arm-none-eabi/4.9.3/../../../../arm-none-eabi/lib/armv7e-m/softfp/libc_nano.a(lib_a-exit.o)
 .debug_frame   0x0000000000001268       0x2c /Applications/Simplicity Studio.app/Contents/Eclipse/developer/toolchains/gnu_arm/4.9_2015q3/bin/../lib/gcc/arm-none-eabi/4.9.3/../../../../arm-none-eabi/lib/armv7e-m/softfp/libc_nano.a(lib_a-init.o)
 .debug_frame   0x0000000000001294       0x20 /Applications/Simplicity Studio.app/Contents/Eclipse/developer/toolchains/gnu_arm/4.9_2015q3/bin/../lib/gcc/arm-none-eabi/4.9.3/../../../../arm-none-eabi/lib/armv7e-m/softfp/libc_nano.a(lib_a-memset.o)
 .debug_frame   0x00000000000012b4       0x20 /Applications/Simplicity Studio.app/Contents/Eclipse/developer/toolchains/gnu_arm/4.9_2015q3/bin/../lib/gcc/arm-none-eabi/4.9.3/../../../../arm-none-eabi/lib/armv7e-m/softfp/libnosys.a(_exit.o)
